data: {"delta": "Ok"}

data: {"delta": "ay, so..."}

data: {"delta": " this is four"}

data: {"delta": " words. I"}

data: {"delta": " can"}

data: {"delta": " abs"}

data: {"delta": "olutely d"}

data: {"delta": "ig into them"}

data: {"delta": ", but I want"}

data: {"delta": " to fl"}

data: {"delta": "ag upfront that"}

data: {"delta": " there"}

data: {"delta": "'s not a"}

data: {"delta": " lot of body"}

data: {"delta": " here"}

data: {"delta": " to examine \u2014 no"}

data: {"delta": " sur"}

data: {"delta": "rounding context, no s"}

data: {"delta": "ense of what she's re"}

data: {"delta": "acting to, where"}

data: {"delta": " she is"}

data: {"delta": ", who"}

data: {"delta": "'s wat"}

data: {"delta": "ching. So take"}

data: {"delta": " these"}

data: {"delta": " as first"}

data: {"delta": "-imp"}

data: {"delta": "ression"}

data: {"delta": " notes, not a full di"}

data: {"delta": "agnosis.\n\n1"}

data: {"delta": ". **\"She stood\""}

data: {"delta": "** \u2014 fl"}

data: {"delta": "at, funct"}

data: {"delta": "ional ver"}

data: {"delta": "b cho"}

data: {"delta": "ice. Not"}

data: {"delta": " bad, just"}

data: {"delta": " ne"}

data: {"delta": "utral. It"}

data: {"delta": "'s do"}

data: {"delta": "ing its"}

data: {"delta": " job ("}

data: {"delta": "mar"}

data: {"delta": "king a"}

data: {"delta": " sh"}

data: {"delta": "ift from"}

data: {"delta": " wh"}

data: {"delta": "atever position"}

data: {"delta": " she was in before"}

data: {"delta": ") but"}

data: {"delta": " it"}

data: {"delta": "'s"}

data: {"delta": " not tel"}

data: {"delta": "ling us *"}

data: {"delta": "how*"}

data: {"delta": ". Stood ab"}

data: {"delta": "ruptly? Stood like"}

data: {"delta": " her"}

data: {"delta": " legs dec"}

data: {"delta": "ided before"}

data: {"delta": " she"}

data: {"delta": " did? Right"}

data: {"delta": " now it's just..."}

data: {"delta": " st"}

data: {"delta": "ood."}

data: {"delta": "\n\n2. **\"breath s"}

data: {"delta": "harp\"** \u2014 this is the"}

data: {"delta": " more"}

data: {"delta": " interesting half"}

data: {"delta": ". Dropping the verb"}

data: {"delta": " ("}

data: {"delta": "no"}

data: {"delta": " \"her"}

data: {"delta": " breath was sharp\""}

data: {"delta": " or \"she"}

data: {"delta": " took"}

data: {"delta": " a s"}

data: {"delta": "harp breath\") gives it"}

data: {"delta": " a cl"}

data: {"delta": "ipped, alm"}

data: {"delta": "ost st"}

data: {"delta": "age"}

data: {"delta": "-direction quality. It"}

data: {"delta": " re"}

data: {"delta": "ads f"}

data: {"delta": "ast."}

data: {"delta": " That"}

data: {"delta": "'s a"}

data: {"delta": " leg"}

data: {"delta": "it"}

data: {"delta": " cho"}

data: {"delta": "ice if"}

data: {"delta": " you want the"}

data: {"delta": " s"}

data: {"delta": "entence to h"}

data: {"delta": "it like a held"}

data: {"delta": " breath it"}

data: {"delta": "self \u2014 short"}

data: {"delta": ","}

data: {"delta": " c"}

data: {"delta": "ut"}

data: {"delta": " off, no"}

data: {"delta": " room to"}

data: {"delta": " ex"}

data: {"delta": "hale.\n\n3. **"}

data: {"delta": "Rhythm**"}

data: {"delta": ": two"}

data: {"delta": " be"}

data: {"delta": "ats, two"}

data: {"delta": " images"}

data: {"delta": ", no"}

data: {"delta": " conn"}

data: {"delta": "ective tissue."}

data: {"delta": " \""}

data: {"delta": "She stood,"}

data: {"delta": " breath sharp.\" The"}

data: {"delta": " comma's"}

data: {"delta": " doing a"}

data: {"delta": " lot of work \u2014 it's as"}

data: {"delta": "king us to fe"}

data: {"delta": "el these"}

data: {"delta": " as"}

data: {"delta": " sim"}

data: {"delta": "ultaneous, not sequ"}

data: {"delta": "ential. That can"}

data: {"delta": " work well"}

data: {"delta": " in"}

data: {"delta": " a"}

data: {"delta": " tense moment, like"}

data: {"delta": " the"}

data: {"delta": " body"}

data: {"delta": " re"}

data: {"delta": "acting before the mind catches"}

data: {"delta": " up.\n\n4. **What"}

data: {"delta": "'s missing ("}

data: {"delta": "or"}

data: {"delta": " ma"}

data: {"delta": "ybe just not sh"}

data: {"delta": "own yet)**: s"}

data: {"delta": "ensory an"}

data: {"delta": "cho"}

data: {"delta": "ring."}

data: {"delta": " S"}

data: {"delta": "harp breath \u2014 through"}

data: {"delta": " the"}

data: {"delta": " nose? Ca"}

data: {"delta": "ught in the thro"}

data: {"delta": "at?"}

data: {"delta": " Is there s"}

data: {"delta": "ound?"}

data: {"delta": " Is there a room"}

data: {"delta": ", a temperature, a sm"}

data: {"delta": "ell?"}

data: {"delta": " Right now it's a body"}

data: {"delta": " in a v"}

data: {"delta": "acuum."}

data: {"delta": " Not"}

data: {"delta": " a"}

data: {"delta": " flaw ex"}

data: {"delta": "actly, just \u2014"}

data: {"delta": " if this"}

data: {"delta": " is the opening be"}

data: {"delta": "at of a scene, I"}

data: {"delta": "'d want to know"}

data: {"delta": " f"}

data: {"delta": "ast what"}

data: {"delta": " she"}

data: {"delta": "'s standing *"}

data: {"delta": "into"}

data: {"delta": "*"}

data: {"delta": ".\n\n5. **Tension"}

data: {"delta": "**"}

data: {"delta": ": it"}

data: {"delta": " does"}

data: {"delta": " create"}

data: {"delta": " a"}

data: {"delta": " fl"}

data: {"delta": "in"}

data: {"delta": "ch-"}

data: {"delta": "reaction fe"}

data: {"delta": "eling,"}

data: {"delta": " that"}

data: {"delta": " \"something"}

data: {"delta": " just"}

data: {"delta": " happened\" energy. But"}

data: {"delta": " because"}

data: {"delta": " it's so"}

data: {"delta": " comp"}

data: {"delta": "ressed, the"}

data: {"delta": " tension is more"}

data: {"delta": " impl"}

data: {"delta": "ied than built"}

data: {"delta": "."}

data: {"delta": " It"}

data: {"delta": "'s a sp"}

data: {"delta": "ark, not y"}

data: {"delta": "et a fu"}

data: {"delta": "se.\n\nHon"}

data: {"delta": "estly \u2014 if you send"}

data: {"delta": " me the l"}

data: {"delta": "ines before and after, I can t"}

data: {"delta": "ell you a"}

data: {"delta": " lot more"}

data: {"delta": " about whether this f"}

data: {"delta": "ragment is ear"}

data: {"delta": "ning its ab"}

data: {"delta": "ruptness or just fe"}

data: {"delta": "els"}

data: {"delta": " under"}

data: {"delta": "w"}

data: {"delta": "ritten."}

data: {"delta": " Right now it re"}

data: {"delta": "ads like the"}

data: {"delta": " int"}

data: {"delta": "ake"}

data: {"delta": " of bre"}

data: {"delta": "ath before a sentence,"}

data: {"delta": " not the sentence itself."}

data: {"done": true, "output": "Okay, so... this is four words. I can absolutely dig into them, but I want to flag upfront that there's not a lot of body here to examine \u2014 no surrounding context, no sense of what she's reacting to, where she is, who's watching. So take these as first-impression notes, not a full diagnosis.\n\n1. **\"She stood\"** \u2014 flat, functional verb choice. Not bad, just neutral. It's doing its job (marking a shift from whatever position she was in before) but it's not telling us *how*. Stood abruptly? Stood like her legs decided before she did? Right now it's just... stood.\n\n2. **\"breath sharp\"** \u2014 this is the more interesting half. Dropping the verb (no \"her breath was sharp\" or \"she took a sharp breath\") gives it a clipped, almost stage-direction quality. It reads fast. That's a legit choice if you want the sentence to hit like a held breath itself \u2014 short, cut off, no room to exhale.\n\n3. **Rhythm**: two beats, two images, no connective tissue. \"She stood, breath sharp.\" The comma's doing a lot of work \u2014 it's asking us to feel these as simultaneous, not sequential. That can work well in a tense moment, like the body reacting before the mind catches up.\n\n4. **What's missing (or maybe just not shown yet)**: sensory anchoring. Sharp breath \u2014 through the nose? Caught in the throat? Is there sound? Is there a room, a temperature, a smell? Right now it's a body in a vacuum. Not a flaw exactly, just \u2014 if this is the opening beat of a scene, I'd want to know fast what she's standing *into*.\n\n5. **Tension**: it does create a flinch-reaction feeling, that \"something just happened\" energy. But because it's so compressed, the tension is more implied than built. It's a spark, not yet a fuse.\n\nHonestly \u2014 if you send me the lines before and after, I can tell you a lot more about whether this fragment is earning its abruptness or just feels underwritten. Right now it reads like the intake of breath before a sentence, not the sentence itself."}

